[96873:31335906:1001/233059.706338:ERROR:ui/display/mac/cv_display_link_mac.mm:188] CVDisplayLinkCreateWithCGDisplay failed. CVReturn: -6670
[96873:31335906:1001/233059.711232:ERROR:ui/display/mac/cv_display_link_mac.mm:188] CVDisplayLinkCreateWithCGDisplay failed. CVReturn: -6670
[96873:31335906:1001/233059.711321:ERROR:ui/display/mac/cv_display_link_mac.mm:188] CVDisplayLinkCreateWithCGDisplay failed. CVReturn: -6670
[96873:31335906:1001/233059.711392:ERROR:ui/display/mac/cv_display_link_mac.mm:188] CVDisplayLinkCreateWithCGDisplay failed. CVReturn: -6670
[96873:31335906:1001/233059.711469:ERROR:ui/display/mac/cv_display_link_mac.mm:188] CVDisplayLinkCreateWithCGDisplay failed. CVReturn: -6670
[96873:31335906:1001/233059.711706:ERROR:ui/display/mac/cv_display_link_mac.mm:188] CVDisplayLinkCreateWithCGDisplay failed. CVReturn: -6670
[96873:31335906:1001/233059.711872:ERROR:ui/display/mac/cv_display_link_mac.mm:188] CVDisplayLinkCreateWithCGDisplay failed. CVReturn: -6670
Trying to load the allocator multiple times. This is *not* supported.
[96874:31335901:1001/233100.313100:ERROR:services/network/p2p/socket_manager.cc:145] Failed to resolve address for stun.cloudflare.com., errorcode: -105
[96874:31335901:1001/233100.313290:ERROR:services/network/p2p/socket_manager.cc:145] Failed to resolve address for stun.cloudflare.com., errorcode: -105
[96874:31335901:1001/233100.313299:ERROR:services/network/p2p/socket_manager.cc:145] Failed to resolve address for stun.cloudflare.com., errorcode: -105
[96874:31335901:1001/233100.313310:ERROR:services/network/p2p/socket_manager.cc:145] Failed to resolve address for stun.l.google.com., errorcode: -105
[96874:31335901:1001/233100.313319:ERROR:services/network/p2p/socket_manager.cc:145] Failed to resolve address for stun.l.google.com., errorcode: -105
[96874:31335901:1001/233100.313326:ERROR:services/network/p2p/socket_manager.cc:145] Failed to resolve address for stun.l.google.com., errorcode: -105
[96874:31335901:1001/233100.315480:ERROR:services/network/p2p/socket_manager.cc:145] Failed to resolve address for stun1.l.google.com., errorcode: -105
[96874:31335901:1001/233100.315497:ERROR:services/network/p2p/socket_manager.cc:145] Failed to resolve address for stun1.l.google.com., errorcode: -105
[96874:31335901:1001/233100.315511:ERROR:services/network/p2p/socket_manager.cc:145] Failed to resolve address for stun1.l.google.com., errorcode: -105
[96853:31335862:1001/233100.403442:ERROR:base/process/process_mac.cc:53] task_policy_set TASK_CATEGORY_POLICY: (os/kern) invalid argument (4)
[96853:31335862:1001/233100.403462:ERROR:base/process/process_mac.cc:98] task_policy_set TASK_SUPPRESSION_POLICY: (os/kern) invalid argument (4)
[96853:31335862:1001/233100.407500:ERROR:base/process/process_mac.cc:53] task_policy_set TASK_CATEGORY_POLICY: (os/kern) invalid argument (4)
[96853:31335862:1001/233100.407519:ERROR:base/process/process_mac.cc:98] task_policy_set TASK_SUPPRESSION_POLICY: (os/kern) invalid argument (4)
[96853:31335777:1001/233123.742279:ERROR:content/browser/gpu/gpu_process_host.cc:1130] GPU process exited unexpectedly: exit_code=15
