[7762:31404218:1002/001831.987556:ERROR:ui/display/mac/cv_display_link_mac.mm:188] CVDisplayLinkCreateWithCGDisplay failed. CVReturn: -6670
[7762:31404218:1002/001831.988632:ERROR:ui/display/mac/cv_display_link_mac.mm:188] CVDisplayLinkCreateWithCGDisplay failed. CVReturn: -6670
[7762:31404218:1002/001831.988828:ERROR:ui/display/mac/cv_display_link_mac.mm:188] CVDisplayLinkCreateWithCGDisplay failed. CVReturn: -6670
[7762:31404218:1002/001831.988939:ERROR:ui/display/mac/cv_display_link_mac.mm:188] CVDisplayLinkCreateWithCGDisplay failed. CVReturn: -6670
[7762:31404218:1002/001831.989011:ERROR:ui/display/mac/cv_display_link_mac.mm:188] CVDisplayLinkCreateWithCGDisplay failed. CVReturn: -6670
[7762:31404218:1002/001831.989167:ERROR:ui/display/mac/cv_display_link_mac.mm:188] CVDisplayLinkCreateWithCGDisplay failed. CVReturn: -6670
Trying to load the allocator multiple times. This is *not* supported.
[7762:31404218:1002/001834.047524:ERROR:ui/display/mac/cv_display_link_mac.mm:188] CVDisplayLinkCreateWithCGDisplay failed. CVReturn: -6670
[7762:31404218:1002/001834.150973:ERROR:ui/display/mac/cv_display_link_mac.mm:188] CVDisplayLinkCreateWithCGDisplay failed. CVReturn: -6670
[7762:31404218:1002/001834.198463:ERROR:ui/display/mac/cv_display_link_mac.mm:188] CVDisplayLinkCreateWithCGDisplay failed. CVReturn: -6670
[7762:31404218:1002/001834.255946:ERROR:ui/display/mac/cv_display_link_mac.mm:188] CVDisplayLinkCreateWithCGDisplay failed. CVReturn: -6670
[7762:31404218:1002/001834.309296:ERROR:ui/display/mac/cv_display_link_mac.mm:188] CVDisplayLinkCreateWithCGDisplay failed. CVReturn: -6670
[7756:31404172:1002/001834.351698:ERROR:google_apis/gcm/engine/registration_request.cc:291] Registration response error message: DEPRECATED_ENDPOINT
[7762:31404218:1002/001834.383088:ERROR:ui/display/mac/cv_display_link_mac.mm:188] CVDisplayLinkCreateWithCGDisplay failed. CVReturn: -6670
[7762:31404218:1002/001834.416720:ERROR:ui/display/mac/cv_display_link_mac.mm:188] CVDisplayLinkCreateWithCGDisplay failed. CVReturn: -6670
[7811:31404939:1002/001850.874055:VERBOSE1:chrome/updater/updater.cc:364] Version: 156.0.8067.0, opt, ARM_64, command line: /Users/owenwassmer/Library/Application Support/Google/GoogleUpdater/156.0.8067.0/GoogleUpdater.app/Contents/MacOS/GoogleUpdater --wake-all --enable-logging --vmodule=*/components/update_client/*=2,*/chrome/enterprise_companion/*=2,*/chrome/updater/*=2
[7811:31404939:1002/001850.874690:VERBOSE1:chrome/updater/updater.cc:367] OS version: 26.2.0, arch: arm64, System uptime (seconds): 1493695, parent pid: 7756
[7811:31404939:1002/001850.876130:VERBOSE1:chrome/updater/updater.cc:372] Available disk space in install directory (/Users/owenwassmer/Library/Application Support/Google/GoogleUpdater): 1024925696B (977.445MiB) / 245107195904B (228.274GiB)
[7811:31404939:1002/001850.876365:VERBOSE1:chrome/updater/updater.cc:376] Available disk space in temporary directory (/var/folders/t1/05nck9rj6w7_jqgkkycxjcxw0000gn/T/): 1024925696B (977.445MiB) / 245107195904B (228.274GiB)
[7811:31404939:1002/001850.876418:VERBOSE2:chrome/updater/event_history.cc:266] Emitted a UPDATER_PROCESS START event to the history log
[7813:31404943:1002/001850.883553:VERBOSE1:chrome/updater/updater.cc:364] Version: 156.0.8067.0, opt, ARM_64, command line: /Users/owenwassmer/Library/Application Support/Google/GoogleUpdater/156.0.8067.0/GoogleUpdater.app/Contents/MacOS/GoogleUpdater --crash-handler --database=/Users/owenwassmer/Library/Application Support/Google/GoogleUpdater/156.0.8067.0/Crashpad --url=https://clients2.google.com/cr/report --annotation=prod=Update4 --annotation=ver=156.0.8067.0 --handshake-fd=6 --enable-logging --vmodule=*/components/update_client/*=2,*/chrome/enterprise_companion/*=2,*/chrome/updater/*=2
[7813:31404943:1002/001850.883942:VERBOSE1:chrome/updater/updater.cc:367] OS version: 26.2.0, arch: arm64, System uptime (seconds): 1493695, parent pid: 1
[7813:31404943:1002/001850.885190:VERBOSE1:chrome/updater/updater.cc:372] Available disk space in install directory (/Users/owenwassmer/Library/Application Support/Google/GoogleUpdater): 1024917504B (977.438MiB) / 245107195904B (228.274GiB)
[7813:31404943:1002/001850.885240:VERBOSE1:chrome/updater/updater.cc:376] Available disk space in temporary directory (/var/folders/t1/05nck9rj6w7_jqgkkycxjcxw0000gn/T/): 1024917504B (977.438MiB) / 245107195904B (228.274GiB)
[7813:31404943:1002/001850.885313:VERBOSE2:chrome/updater/event_history.cc:266] Emitted a UPDATER_PROCESS START event to the history log
[7811:31404939:1002/001850.885755:VERBOSE1:chrome/updater/crash_reporter.cc:123] Crash handler launched and ready.
[7811:31404939:1002/001850.886346:VERBOSE1:chrome/updater/crash_client.cc:108] Found 0 completed crash reports
[7811:31404939:1002/001850.886410:VERBOSE1:chrome/updater/crash_client.cc:132] Found 0 pending crash reports
[7811:31404939:1002/001850.886477:ERROR:third_party/crashpad/crashpad/util/file/file_io_posix.cc:145] open /Users/owenwassmer/Library/Application Support/Google/RLZ/Crashpad/settings.dat: No such file or directory (2)
[7811:31404939:1002/001850.886838:VERBOSE1:chrome/updater/updater.cc:105] Crash reporting initialized.
[7811:31404951:1002/001850.887164:VERBOSE1:chrome/updater/app/app_wakeall.cc:58] Launching `/Users/owenwassmer/Library/Application Support/Google/GoogleUpdater/156.0.8067.0/GoogleUpdater.app/Contents/MacOS/GoogleUpdater --wake`
[7814:31404955:1002/001850.893301:VERBOSE1:chrome/updater/updater.cc:364] Version: 156.0.8067.0, opt, ARM_64, command line: /Users/owenwassmer/Library/Application Support/Google/GoogleUpdater/156.0.8067.0/GoogleUpdater.app/Contents/MacOS/GoogleUpdater --wake --enable-logging --vmodule=*/components/update_client/*=2,*/chrome/enterprise_companion/*=2,*/chrome/updater/*=2
[7814:31404955:1002/001850.893716:VERBOSE1:chrome/updater/updater.cc:367] OS version: 26.2.0, arch: arm64, System uptime (seconds): 1493695, parent pid: 7811
[7814:31404955:1002/001850.895033:VERBOSE1:chrome/updater/updater.cc:372] Available disk space in install directory (/Users/owenwassmer/Library/Application Support/Google/GoogleUpdater): 1024909312B (977.430MiB) / 245107195904B (228.274GiB)
[7814:31404955:1002/001850.895059:VERBOSE1:chrome/updater/updater.cc:376] Available disk space in temporary directory (/var/folders/t1/05nck9rj6w7_jqgkkycxjcxw0000gn/T/): 1024909312B (977.430MiB) / 245107195904B (228.274GiB)
[7814:31404955:1002/001850.895106:VERBOSE2:chrome/updater/event_history.cc:266] Emitted a UPDATER_PROCESS START event to the history log
[7816:31404959:1002/001850.902220:VERBOSE1:chrome/updater/updater.cc:364] Version: 156.0.8067.0, opt, ARM_64, command line: /Users/owenwassmer/Library/Application Support/Google/GoogleUpdater/156.0.8067.0/GoogleUpdater.app/Contents/MacOS/GoogleUpdater --crash-handler --database=/Users/owenwassmer/Library/Application Support/Google/GoogleUpdater/156.0.8067.0/Crashpad --url=https://clients2.google.com/cr/report --annotation=prod=Update4 --annotation=ver=156.0.8067.0 --handshake-fd=6 --enable-logging --vmodule=*/components/update_client/*=2,*/chrome/enterprise_companion/*=2,*/chrome/updater/*=2
[7816:31404959:1002/001850.902724:VERBOSE1:chrome/updater/updater.cc:367] OS version: 26.2.0, arch: arm64, System uptime (seconds): 1493695, parent pid: 1
[7816:31404959:1002/001850.904091:VERBOSE1:chrome/updater/updater.cc:372] Available disk space in install directory (/Users/owenwassmer/Library/Application Support/Google/GoogleUpdater): 1024909312B (977.430MiB) / 245107195904B (228.274GiB)
[7816:31404959:1002/001850.904115:VERBOSE1:chrome/updater/updater.cc:376] Available disk space in temporary directory (/var/folders/t1/05nck9rj6w7_jqgkkycxjcxw0000gn/T/): 1024909312B (977.430MiB) / 245107195904B (228.274GiB)
[7816:31404959:1002/001850.904165:VERBOSE2:chrome/updater/event_history.cc:266] Emitted a UPDATER_PROCESS START event to the history log
[7814:31404955:1002/001850.904529:VERBOSE1:chrome/updater/crash_reporter.cc:123] Crash handler launched and ready.
[7814:31404955:1002/001850.905144:VERBOSE1:chrome/updater/crash_client.cc:108] Found 0 completed crash reports
[7814:31404955:1002/001850.905208:VERBOSE1:chrome/updater/crash_client.cc:132] Found 0 pending crash reports
[7814:31404955:1002/001850.905295:ERROR:third_party/crashpad/crashpad/util/file/file_io_posix.cc:145] open /Users/owenwassmer/Library/Application Support/Google/RLZ/Crashpad/settings.dat: No such file or directory (2)
[7814:31404955:1002/001850.905462:VERBOSE1:chrome/updater/updater.cc:105] Crash reporting initialized.
[7814:31404955:1002/001850.905632:VERBOSE1:chrome/updater/ipc/update_service_internal_proxy_mojo.cc:61] Run
[7814:31404955:1002/001906.737085:VERBOSE1:chrome/updater/app/app.cc:52] Shutdown: 0
[7814:31404955:1002/001906.738189:VERBOSE2:chrome/updater/event_history.cc:266] Emitted a UPDATER_PROCESS END event to the history log
[7814:31404955:1002/001906.738215:VERBOSE1:chrome/updater/updater.cc:409] UpdaterMain (--wake) returned 0.
[7811:31404951:1002/001906.917195:VERBOSE1:chrome/updater/app/app_wakeall.cc:68] `/Users/owenwassmer/Library/Application Support/Google/GoogleUpdater/156.0.8067.0/GoogleUpdater.app/Contents/MacOS/GoogleUpdater --wake` exited 0
[7811:31404939:1002/001906.917675:VERBOSE1:chrome/updater/app/app.cc:52] Shutdown: 0
[7811:31404939:1002/001906.918369:VERBOSE2:chrome/updater/event_history.cc:266] Emitted a UPDATER_PROCESS END event to the history log
[7811:31404939:1002/001906.918406:VERBOSE1:chrome/updater/updater.cc:409] UpdaterMain (--wake-all) returned 0.
[7816:31404959:1002/001916.744337:VERBOSE2:chrome/updater/event_history.cc:266] Emitted a UPDATER_PROCESS END event to the history log
[7816:31404959:1002/001916.744376:VERBOSE1:chrome/updater/updater.cc:409] UpdaterMain (--crash-handler) returned 0.
[7813:31404943:1002/001916.745281:VERBOSE2:chrome/updater/event_history.cc:266] Emitted a UPDATER_PROCESS END event to the history log
[7813:31404943:1002/001916.745305:VERBOSE1:chrome/updater/updater.cc:409] UpdaterMain (--crash-handler) returned 0.
