[7082:31397858:1002/001523.640724:ERROR:ui/display/mac/cv_display_link_mac.mm:188] CVDisplayLinkCreateWithCGDisplay failed. CVReturn: -6670
[7082:31397858:1002/001523.641410:ERROR:ui/display/mac/cv_display_link_mac.mm:188] CVDisplayLinkCreateWithCGDisplay failed. CVReturn: -6670
[7082:31397858:1002/001523.641500:ERROR:ui/display/mac/cv_display_link_mac.mm:188] CVDisplayLinkCreateWithCGDisplay failed. CVReturn: -6670
[7082:31397858:1002/001523.641578:ERROR:ui/display/mac/cv_display_link_mac.mm:188] CVDisplayLinkCreateWithCGDisplay failed. CVReturn: -6670
[7082:31397858:1002/001523.641644:ERROR:ui/display/mac/cv_display_link_mac.mm:188] CVDisplayLinkCreateWithCGDisplay failed. CVReturn: -6670
[7082:31397858:1002/001523.641709:ERROR:ui/display/mac/cv_display_link_mac.mm:188] CVDisplayLinkCreateWithCGDisplay failed. CVReturn: -6670
Trying to load the allocator multiple times. This is *not* supported.
compilation error: file https://oehha.ca.gov/sitemap.xsl line 29 element stylesheet
xsl:version: only 1.1 features are supported
[7082:31397858:1002/001525.624754:ERROR:ui/display/mac/cv_display_link_mac.mm:188] CVDisplayLinkCreateWithCGDisplay failed. CVReturn: -6670
[7082:31397858:1002/001525.700907:ERROR:ui/display/mac/cv_display_link_mac.mm:188] CVDisplayLinkCreateWithCGDisplay failed. CVReturn: -6670
[7082:31397858:1002/001525.732684:ERROR:ui/display/mac/cv_display_link_mac.mm:188] CVDisplayLinkCreateWithCGDisplay failed. CVReturn: -6670
[7082:31397858:1002/001525.781977:ERROR:ui/display/mac/cv_display_link_mac.mm:188] CVDisplayLinkCreateWithCGDisplay failed. CVReturn: -6670
[7082:31397858:1002/001525.812296:ERROR:ui/display/mac/cv_display_link_mac.mm:188] CVDisplayLinkCreateWithCGDisplay failed. CVReturn: -6670
[7082:31397858:1002/001525.864363:ERROR:ui/display/mac/cv_display_link_mac.mm:188] CVDisplayLinkCreateWithCGDisplay failed. CVReturn: -6670
[7082:31397858:1002/001525.898223:ERROR:ui/display/mac/cv_display_link_mac.mm:188] CVDisplayLinkCreateWithCGDisplay failed. CVReturn: -6670
[7076:31397800:1002/001525.903160:ERROR:google_apis/gcm/engine/registration_request.cc:291] Registration response error message: DEPRECATED_ENDPOINT
[7138:31398519:1002/001542.513925:VERBOSE1:chrome/updater/updater.cc:364] Version: 156.0.8067.0, opt, ARM_64, command line: /Users/owenwassmer/Library/Application Support/Google/GoogleUpdater/156.0.8067.0/GoogleUpdater.app/Contents/MacOS/GoogleUpdater --wake-all --enable-logging --vmodule=*/components/update_client/*=2,*/chrome/enterprise_companion/*=2,*/chrome/updater/*=2
[7138:31398519:1002/001542.514437:VERBOSE1:chrome/updater/updater.cc:367] OS version: 26.2.0, arch: arm64, System uptime (seconds): 1493506, parent pid: 7076
[7138:31398519:1002/001542.515876:VERBOSE1:chrome/updater/updater.cc:372] Available disk space in install directory (/Users/owenwassmer/Library/Application Support/Google/GoogleUpdater): 1065205760B (1015.859MiB) / 245107195904B (228.274GiB)
[7138:31398519:1002/001542.515898:VERBOSE1:chrome/updater/updater.cc:376] Available disk space in temporary directory (/var/folders/t1/05nck9rj6w7_jqgkkycxjcxw0000gn/T/): 1065205760B (1015.859MiB) / 245107195904B (228.274GiB)
[7138:31398519:1002/001542.515947:VERBOSE2:chrome/updater/event_history.cc:266] Emitted a UPDATER_PROCESS START event to the history log
[7140:31398524:1002/001542.522525:VERBOSE1:chrome/updater/updater.cc:364] Version: 156.0.8067.0, opt, ARM_64, command line: /Users/owenwassmer/Library/Application Support/Google/GoogleUpdater/156.0.8067.0/GoogleUpdater.app/Contents/MacOS/GoogleUpdater --crash-handler --database=/Users/owenwassmer/Library/Application Support/Google/GoogleUpdater/156.0.8067.0/Crashpad --url=https://clients2.google.com/cr/report --annotation=prod=Update4 --annotation=ver=156.0.8067.0 --handshake-fd=6 --enable-logging --vmodule=*/components/update_client/*=2,*/chrome/enterprise_companion/*=2,*/chrome/updater/*=2
[7140:31398524:1002/001542.522960:VERBOSE1:chrome/updater/updater.cc:367] OS version: 26.2.0, arch: arm64, System uptime (seconds): 1493506, parent pid: 1
[7140:31398524:1002/001542.524239:VERBOSE1:chrome/updater/updater.cc:372] Available disk space in install directory (/Users/owenwassmer/Library/Application Support/Google/GoogleUpdater): 1065201664B (1015.855MiB) / 245107195904B (228.274GiB)
[7140:31398524:1002/001542.524299:VERBOSE1:chrome/updater/updater.cc:376] Available disk space in temporary directory (/var/folders/t1/05nck9rj6w7_jqgkkycxjcxw0000gn/T/): 1065201664B (1015.855MiB) / 245107195904B (228.274GiB)
[7140:31398524:1002/001542.524346:VERBOSE2:chrome/updater/event_history.cc:266] Emitted a UPDATER_PROCESS START event to the history log
[7138:31398519:1002/001542.524678:VERBOSE1:chrome/updater/crash_reporter.cc:123] Crash handler launched and ready.
[7138:31398519:1002/001542.525231:VERBOSE1:chrome/updater/crash_client.cc:108] Found 0 completed crash reports
[7138:31398519:1002/001542.525301:VERBOSE1:chrome/updater/crash_client.cc:132] Found 0 pending crash reports
[7138:31398519:1002/001542.525366:ERROR:third_party/crashpad/crashpad/util/file/file_io_posix.cc:145] open /Users/owenwassmer/Library/Application Support/Google/RLZ/Crashpad/settings.dat: No such file or directory (2)
[7138:31398519:1002/001542.525544:VERBOSE1:chrome/updater/updater.cc:105] Crash reporting initialized.
[7138:31398532:1002/001542.525812:VERBOSE1:chrome/updater/app/app_wakeall.cc:58] Launching `/Users/owenwassmer/Library/Application Support/Google/GoogleUpdater/156.0.8067.0/GoogleUpdater.app/Contents/MacOS/GoogleUpdater --wake`
[7141:31398536:1002/001542.532119:VERBOSE1:chrome/updater/updater.cc:364] Version: 156.0.8067.0, opt, ARM_64, command line: /Users/owenwassmer/Library/Application Support/Google/GoogleUpdater/156.0.8067.0/GoogleUpdater.app/Contents/MacOS/GoogleUpdater --wake --enable-logging --vmodule=*/components/update_client/*=2,*/chrome/enterprise_companion/*=2,*/chrome/updater/*=2
[7141:31398536:1002/001542.532562:VERBOSE1:chrome/updater/updater.cc:367] OS version: 26.2.0, arch: arm64, System uptime (seconds): 1493506, parent pid: 7138
[7141:31398536:1002/001542.533835:VERBOSE1:chrome/updater/updater.cc:372] Available disk space in install directory (/Users/owenwassmer/Library/Application Support/Google/GoogleUpdater): 1065193472B (1015.848MiB) / 245107195904B (228.274GiB)
[7141:31398536:1002/001542.533858:VERBOSE1:chrome/updater/updater.cc:376] Available disk space in temporary directory (/var/folders/t1/05nck9rj6w7_jqgkkycxjcxw0000gn/T/): 1065193472B (1015.848MiB) / 245107195904B (228.274GiB)
[7141:31398536:1002/001542.533918:VERBOSE2:chrome/updater/event_history.cc:266] Emitted a UPDATER_PROCESS START event to the history log
[7143:31398540:1002/001542.540817:VERBOSE1:chrome/updater/updater.cc:364] Version: 156.0.8067.0, opt, ARM_64, command line: /Users/owenwassmer/Library/Application Support/Google/GoogleUpdater/156.0.8067.0/GoogleUpdater.app/Contents/MacOS/GoogleUpdater --crash-handler --database=/Users/owenwassmer/Library/Application Support/Google/GoogleUpdater/156.0.8067.0/Crashpad --url=https://clients2.google.com/cr/report --annotation=prod=Update4 --annotation=ver=156.0.8067.0 --handshake-fd=6 --enable-logging --vmodule=*/components/update_client/*=2,*/chrome/enterprise_companion/*=2,*/chrome/updater/*=2
[7143:31398540:1002/001542.541291:VERBOSE1:chrome/updater/updater.cc:367] OS version: 26.2.0, arch: arm64, System uptime (seconds): 1493506, parent pid: 1
[7143:31398540:1002/001542.542550:VERBOSE1:chrome/updater/updater.cc:372] Available disk space in install directory (/Users/owenwassmer/Library/Application Support/Google/GoogleUpdater): 1065172992B (1015.828MiB) / 245107195904B (228.274GiB)
[7143:31398540:1002/001542.542572:VERBOSE1:chrome/updater/updater.cc:376] Available disk space in temporary directory (/var/folders/t1/05nck9rj6w7_jqgkkycxjcxw0000gn/T/): 1065172992B (1015.828MiB) / 245107195904B (228.274GiB)
[7143:31398540:1002/001542.542619:VERBOSE2:chrome/updater/event_history.cc:266] Emitted a UPDATER_PROCESS START event to the history log
[7141:31398536:1002/001542.542959:VERBOSE1:chrome/updater/crash_reporter.cc:123] Crash handler launched and ready.
[7141:31398536:1002/001542.543527:VERBOSE1:chrome/updater/crash_client.cc:108] Found 0 completed crash reports
[7141:31398536:1002/001542.543607:VERBOSE1:chrome/updater/crash_client.cc:132] Found 0 pending crash reports
[7141:31398536:1002/001542.543662:ERROR:third_party/crashpad/crashpad/util/file/file_io_posix.cc:145] open /Users/owenwassmer/Library/Application Support/Google/RLZ/Crashpad/settings.dat: No such file or directory (2)
[7141:31398536:1002/001542.543797:VERBOSE1:chrome/updater/updater.cc:105] Crash reporting initialized.
[7141:31398536:1002/001542.543933:VERBOSE1:chrome/updater/ipc/update_service_internal_proxy_mojo.cc:61] Run
[7141:31398536:1002/001558.744921:VERBOSE1:chrome/updater/app/app.cc:52] Shutdown: 0
[7141:31398536:1002/001558.745425:VERBOSE2:chrome/updater/event_history.cc:266] Emitted a UPDATER_PROCESS END event to the history log
[7141:31398536:1002/001558.745442:VERBOSE1:chrome/updater/updater.cc:409] UpdaterMain (--wake) returned 0.
[7138:31398532:1002/001558.809573:VERBOSE1:chrome/updater/app/app_wakeall.cc:68] `/Users/owenwassmer/Library/Application Support/Google/GoogleUpdater/156.0.8067.0/GoogleUpdater.app/Contents/MacOS/GoogleUpdater --wake` exited 0
[7138:31398519:1002/001558.809661:VERBOSE1:chrome/updater/app/app.cc:52] Shutdown: 0
[7138:31398519:1002/001558.810029:VERBOSE2:chrome/updater/event_history.cc:266] Emitted a UPDATER_PROCESS END event to the history log
[7138:31398519:1002/001558.810060:VERBOSE1:chrome/updater/updater.cc:409] UpdaterMain (--wake-all) returned 0.
[7143:31398540:1002/001608.758463:VERBOSE2:chrome/updater/event_history.cc:266] Emitted a UPDATER_PROCESS END event to the history log
[7143:31398540:1002/001608.758516:VERBOSE1:chrome/updater/updater.cc:409] UpdaterMain (--crash-handler) returned 0.
[7140:31398524:1002/001608.760096:VERBOSE2:chrome/updater/event_history.cc:266] Emitted a UPDATER_PROCESS END event to the history log
[7140:31398524:1002/001608.760137:VERBOSE1:chrome/updater/updater.cc:409] UpdaterMain (--crash-handler) returned 0.
